0 verbose cli C:\Program Files\nodejs\node.exe C:\Program Files\nodejs\node_modules\npm\bin\npm-cli.js
1 info using npm@11.6.2
2 info using node@v24.13.0
3 silly config load:file:C:\Program Files\nodejs\node_modules\npm\npmrc
4 silly config load:file:C:\Users\Khalid Niass\OneDrive\Documents\CODING\Project 1\bag website\.npmrc
5 silly config load:file:C:\Users\Khalid Niass\.npmrc
6 silly config load:file:C:\Users\Khalid Niass\AppData\Roaming\npm\etc\npmrc
7 verbose title npm i express cors nodemailer paystack-api
8 verbose argv "i" "express" "cors" "nodemailer" "paystack-api" "--cache" "C:\\Users\\Khalid Niass\\OneDrive\\Documents\\CODING\\Project 1\\bag website\\.npm-cache"
9 verbose logfile logs-max:10 dir:C:\Users\Khalid Niass\OneDrive\Documents\CODING\Project 1\bag website\.npm-cache\_logs\2026-03-16T15_05_08_266Z-
10 verbose logfile C:\Users\Khalid Niass\OneDrive\Documents\CODING\Project 1\bag website\.npm-cache\_logs\2026-03-16T15_05_08_266Z-debug-0.log
11 silly logfile done cleaning log files
12 silly packumentCache heap:4496293888 maxSize:1124073472 maxEntrySize:562036736
13 silly idealTree buildDeps
14 silly fetch manifest express@*
15 silly packumentCache full:https://registry.npmjs.org/express cache-miss
16 http fetch GET 200 https://registry.npmjs.org/express 1078ms (cache miss)
17 silly packumentCache full:https://registry.npmjs.org/express set size:undefined disposed:false
18 silly fetch manifest cors@*
19 silly packumentCache full:https://registry.npmjs.org/cors cache-miss
20 http fetch GET 200 https://registry.npmjs.org/cors 306ms (cache miss)
21 silly packumentCache full:https://registry.npmjs.org/cors set size:undefined disposed:false
22 silly fetch manifest nodemailer@*
23 silly packumentCache full:https://registry.npmjs.org/nodemailer cache-miss
24 http fetch GET 200 https://registry.npmjs.org/npm 1513ms
25 http fetch GET 200 https://registry.npmjs.org/nodemailer 345ms (cache miss)
26 silly packumentCache full:https://registry.npmjs.org/nodemailer set size:undefined disposed:false
27 silly fetch manifest paystack-api@*
28 silly packumentCache full:https://registry.npmjs.org/paystack-api cache-miss
29 http fetch GET 200 https://registry.npmjs.org/paystack-api 327ms (cache miss)
30 silly packumentCache full:https://registry.npmjs.org/paystack-api set size:undefined disposed:false
31 silly placeDep ROOT cors@2.8.6 OK for: bag-website@1.0.0 want: *
32 silly placeDep ROOT express@5.2.1 OK for: bag-website@1.0.0 want: *
33 silly placeDep ROOT nodemailer@8.0.2 OK for: bag-website@1.0.0 want: *
34 silly placeDep ROOT paystack-api@2.0.6 OK for: bag-website@1.0.0 want: *
35 silly fetch manifest object-assign@^4
36 silly packumentCache full:https://registry.npmjs.org/object-assign cache-miss
37 silly fetch manifest vary@^1
38 silly packumentCache full:https://registry.npmjs.org/vary cache-miss
39 silly fetch manifest qs@^6.14.0
40 silly packumentCache full:https://registry.npmjs.org/qs cache-miss
41 silly fetch manifest depd@^2.0.0
42 silly packumentCache full:https://registry.npmjs.org/depd cache-miss
43 silly fetch manifest etag@^1.8.1
44 silly packumentCache full:https://registry.npmjs.org/etag cache-miss
45 silly fetch manifest once@^1.4.0
46 silly packumentCache full:https://registry.npmjs.org/once cache-miss
47 silly fetch manifest send@^1.1.0
48 silly packumentCache full:https://registry.npmjs.org/send cache-miss
49 http fetch GET 200 https://registry.npmjs.org/object-assign 168ms (cache miss)
50 silly packumentCache full:https://registry.npmjs.org/object-assign set size:undefined disposed:false
51 silly fetch manifest vary@^1.1.2
52 silly packumentCache full:https://registry.npmjs.org/vary cache-miss
53 http fetch GET 200 https://registry.npmjs.org/vary 184ms (cache miss)
54 silly packumentCache full:https://registry.npmjs.org/vary set size:undefined disposed:false
55 silly fetch manifest debug@^4.4.0
56 silly packumentCache full:https://registry.npmjs.org/debug cache-miss
57 http fetch GET 200 https://registry.npmjs.org/vary 167ms (cache miss)
58 silly packumentCache full:https://registry.npmjs.org/vary set size:undefined disposed:false
59 silly fetch manifest fresh@^2.0.0
60 silly packumentCache full:https://registry.npmjs.org/fresh cache-miss
61 http fetch GET 200 https://registry.npmjs.org/debug 307ms (cache miss)
62 silly packumentCache full:https://registry.npmjs.org/debug set size:undefined disposed:false
63 silly fetch manifest cookie@^0.7.1
64 silly packumentCache full:https://registry.npmjs.org/cookie cache-miss
65 http fetch GET 200 https://registry.npmjs.org/fresh 226ms (cache miss)
66 silly packumentCache full:https://registry.npmjs.org/fresh set size:undefined disposed:false
67 silly fetch manifest router@^2.2.0
68 silly packumentCache full:https://registry.npmjs.org/router cache-miss
69 http fetch GET 200 https://registry.npmjs.org/send 691ms (cache miss)
70 silly packumentCache full:https://registry.npmjs.org/send set size:undefined disposed:false
71 silly fetch manifest accepts@^2.0.0
72 silly packumentCache full:https://registry.npmjs.org/accepts cache-miss
73 http fetch GET 200 https://registry.npmjs.org/once 758ms (cache miss)
74 silly packumentCache full:https://registry.npmjs.org/once set size:undefined disposed:false
75 silly fetch manifest type-is@^2.0.1
76 silly packumentCache full:https://registry.npmjs.org/type-is cache-miss
77 http fetch GET 200 https://registry.npmjs.org/accepts 364ms (cache miss)
78 silly packumentCache full:https://registry.npmjs.org/accepts set size:undefined disposed:false
79 silly fetch manifest parseurl@^1.3.3
80 silly packumentCache full:https://registry.npmjs.org/parseurl cache-miss
81 http fetch GET 200 https://registry.npmjs.org/type-is 304ms (cache miss)
82 silly packumentCache full:https://registry.npmjs.org/type-is set size:undefined disposed:false
83 silly fetch manifest statuses@^2.0.1
84 silly packumentCache full:https://registry.npmjs.org/statuses cache-miss
85 http fetch GET 200 https://registry.npmjs.org/etag 1102ms (cache miss)
86 silly packumentCache full:https://registry.npmjs.org/etag set size:undefined disposed:false
87 silly fetch manifest encodeurl@^2.0.0
88 silly packumentCache full:https://registry.npmjs.org/encodeurl cache-miss
89 http fetch GET 200 https://registry.npmjs.org/router 553ms (cache miss)
90 silly packumentCache full:https://registry.npmjs.org/router set size:undefined disposed:false
91 silly fetch manifest mime-types@^3.0.0
92 silly packumentCache full:https://registry.npmjs.org/mime-types cache-miss
93 http fetch GET 200 https://registry.npmjs.org/depd 1151ms (cache miss)
94 silly packumentCache full:https://registry.npmjs.org/depd set size:undefined disposed:false
95 silly fetch manifest proxy-addr@^2.0.7
96 silly packumentCache full:https://registry.npmjs.org/proxy-addr cache-miss
97 http fetch GET 200 https://registry.npmjs.org/cookie 657ms (cache miss)
98 silly packumentCache full:https://registry.npmjs.org/cookie set size:undefined disposed:false
99 silly fetch manifest body-parser@^2.2.1
100 silly packumentCache full:https://registry.npmjs.org/body-parser cache-miss
101 http fetch GET 200 https://registry.npmjs.org/statuses 252ms (cache miss)
102 silly packumentCache full:https://registry.npmjs.org/statuses set size:undefined disposed:false
103 silly fetch manifest escape-html@^1.0.3
104 silly packumentCache full:https://registry.npmjs.org/escape-html cache-miss
105 http fetch GET 200 https://registry.npmjs.org/parseurl 279ms (cache miss)
106 silly packumentCache full:https://registry.npmjs.org/parseurl set size:undefined disposed:false
107 silly fetch manifest http-errors@^2.0.0
108 silly packumentCache full:https://registry.npmjs.org/http-errors cache-miss
109 http fetch GET 200 https://registry.npmjs.org/encodeurl 263ms (cache miss)
110 silly packumentCache full:https://registry.npmjs.org/encodeurl set size:undefined disposed:false
111 silly fetch manifest on-finished@^2.4.1
112 silly packumentCache full:https://registry.npmjs.org/on-finished cache-miss
113 http fetch GET 200 https://registry.npmjs.org/qs 1368ms (cache miss)
114 silly packumentCache full:https://registry.npmjs.org/qs set size:undefined disposed:false
115 silly fetch manifest content-type@^1.0.5
116 silly packumentCache full:https://registry.npmjs.org/content-type cache-miss
117 http fetch GET 200 https://registry.npmjs.org/mime-types 258ms (cache miss)
118 silly packumentCache full:https://registry.npmjs.org/mime-types set size:undefined disposed:false
119 silly fetch manifest finalhandler@^2.1.0
120 silly packumentCache full:https://registry.npmjs.org/finalhandler cache-miss
121 http fetch GET 200 https://registry.npmjs.org/proxy-addr 280ms (cache miss)
122 silly packumentCache full:https://registry.npmjs.org/proxy-addr set size:undefined disposed:false
123 silly fetch manifest range-parser@^1.2.1
124 silly packumentCache full:https://registry.npmjs.org/range-parser cache-miss
125 http fetch GET 200 https://registry.npmjs.org/body-parser 285ms (cache miss)
126 silly packumentCache full:https://registry.npmjs.org/body-parser set size:undefined disposed:false
127 silly fetch manifest serve-static@^2.2.0
128 silly packumentCache full:https://registry.npmjs.org/serve-static cache-miss
129 http fetch GET 200 https://registry.npmjs.org/escape-html 160ms (cache miss)
130 silly packumentCache full:https://registry.npmjs.org/escape-html set size:undefined disposed:false
131 silly fetch manifest cookie-signature@^1.2.1
132 silly packumentCache full:https://registry.npmjs.org/cookie-signature cache-miss
133 http fetch GET 200 https://registry.npmjs.org/http-errors 172ms (cache miss)
134 silly packumentCache full:https://registry.npmjs.org/http-errors set size:undefined disposed:false
135 silly fetch manifest merge-descriptors@^2.0.0
136 silly packumentCache full:https://registry.npmjs.org/merge-descriptors cache-miss
137 http fetch GET 200 https://registry.npmjs.org/finalhandler 198ms (cache miss)
138 silly packumentCache full:https://registry.npmjs.org/finalhandler set size:undefined disposed:false
139 silly fetch manifest content-disposition@^1.0.0
140 silly packumentCache full:https://registry.npmjs.org/content-disposition cache-miss
141 http fetch GET 200 https://registry.npmjs.org/content-type 217ms (cache miss)
142 silly packumentCache full:https://registry.npmjs.org/content-type set size:undefined disposed:false
143 silly fetch manifest mitt@^1.1.3
144 silly packumentCache full:https://registry.npmjs.org/mitt cache-miss
145 http fetch GET 200 https://registry.npmjs.org/on-finished 245ms (cache miss)
146 silly packumentCache full:https://registry.npmjs.org/on-finished set size:undefined disposed:false
147 silly fetch manifest request@^2.85.0
148 silly packumentCache full:https://registry.npmjs.org/request cache-miss
149 http fetch GET 200 https://registry.npmjs.org/range-parser 242ms (cache miss)
150 silly packumentCache full:https://registry.npmjs.org/range-parser set size:undefined disposed:false
151 silly fetch manifest request-promise@^4.2.2
152 silly packumentCache full:https://registry.npmjs.org/request-promise cache-miss
153 http fetch GET 200 https://registry.npmjs.org/cookie-signature 219ms (cache miss)
154 silly packumentCache full:https://registry.npmjs.org/cookie-signature set size:undefined disposed:false
155 http fetch GET 200 https://registry.npmjs.org/serve-static 267ms (cache miss)
156 silly packumentCache full:https://registry.npmjs.org/serve-static set size:undefined disposed:false
157 http fetch GET 200 https://registry.npmjs.org/merge-descriptors 199ms (cache miss)
158 silly packumentCache full:https://registry.npmjs.org/merge-descriptors set size:undefined disposed:false
159 http fetch GET 200 https://registry.npmjs.org/content-disposition 206ms (cache miss)
160 silly packumentCache full:https://registry.npmjs.org/content-disposition set size:undefined disposed:false
161 http fetch GET 200 https://registry.npmjs.org/mitt 228ms (cache miss)
162 silly packumentCache full:https://registry.npmjs.org/mitt set size:undefined disposed:false
163 http fetch GET 200 https://registry.npmjs.org/request 265ms (cache miss)
164 silly packumentCache full:https://registry.npmjs.org/request set size:undefined disposed:false
165 http fetch GET 200 https://registry.npmjs.org/request-promise 303ms (cache miss)
166 silly packumentCache full:https://registry.npmjs.org/request-promise set size:undefined disposed:false
167 silly placeDep ROOT object-assign@4.1.1 OK for: cors@2.8.6 want: ^4
168 silly placeDep ROOT vary@1.1.2 OK for: cors@2.8.6 want: ^1
169 silly placeDep ROOT accepts@2.0.0 OK for: express@5.2.1 want: ^2.0.0
170 silly placeDep ROOT body-parser@2.2.2 OK for: express@5.2.1 want: ^2.2.1
171 silly placeDep ROOT content-disposition@1.0.1 OK for: express@5.2.1 want: ^1.0.0
172 silly placeDep ROOT content-type@1.0.5 OK for: express@5.2.1 want: ^1.0.5
173 silly placeDep ROOT cookie@0.7.2 OK for: express@5.2.1 want: ^0.7.1
174 silly placeDep ROOT cookie-signature@1.2.2 OK for: express@5.2.1 want: ^1.2.1
175 silly placeDep ROOT debug@4.4.3 OK for: express@5.2.1 want: ^4.4.0
176 silly placeDep ROOT depd@2.0.0 OK for: express@5.2.1 want: ^2.0.0
177 silly placeDep ROOT encodeurl@2.0.0 OK for: express@5.2.1 want: ^2.0.0
178 silly placeDep ROOT escape-html@1.0.3 OK for: express@5.2.1 want: ^1.0.3
179 silly placeDep ROOT etag@1.8.1 OK for: express@5.2.1 want: ^1.8.1
180 silly placeDep ROOT finalhandler@2.1.1 OK for: express@5.2.1 want: ^2.1.0
181 silly placeDep ROOT fresh@2.0.0 OK for: express@5.2.1 want: ^2.0.0
182 silly placeDep ROOT http-errors@2.0.1 OK for: express@5.2.1 want: ^2.0.0
183 silly placeDep ROOT merge-descriptors@2.0.0 OK for: express@5.2.1 want: ^2.0.0
184 silly placeDep ROOT mime-types@3.0.2 OK for: express@5.2.1 want: ^3.0.0
185 silly placeDep ROOT on-finished@2.4.1 OK for: express@5.2.1 want: ^2.4.1
186 silly placeDep ROOT once@1.4.0 OK for: express@5.2.1 want: ^1.4.0
187 silly placeDep ROOT parseurl@1.3.3 OK for: express@5.2.1 want: ^1.3.3
188 silly placeDep ROOT proxy-addr@2.0.7 OK for: express@5.2.1 want: ^2.0.7
189 silly placeDep ROOT qs@6.15.0 OK for: express@5.2.1 want: ^6.14.0
190 silly placeDep ROOT range-parser@1.2.1 OK for: express@5.2.1 want: ^1.2.1
191 silly placeDep ROOT router@2.2.0 OK for: express@5.2.1 want: ^2.2.0
192 silly placeDep ROOT send@1.2.1 OK for: express@5.2.1 want: ^1.1.0
193 silly placeDep ROOT serve-static@2.2.1 OK for: express@5.2.1 want: ^2.2.0
194 silly placeDep ROOT statuses@2.0.2 OK for: express@5.2.1 want: ^2.0.1
195 silly placeDep ROOT type-is@2.0.1 OK for: express@5.2.1 want: ^2.0.1
196 silly fetch manifest negotiator@^1.0.0
197 silly packumentCache full:https://registry.npmjs.org/negotiator cache-miss
198 silly fetch manifest bytes@^3.1.2
199 silly packumentCache full:https://registry.npmjs.org/bytes cache-miss
200 silly fetch manifest debug@^4.4.3
201 silly packumentCache full:https://registry.npmjs.org/debug cache-miss
202 silly fetch manifest iconv-lite@^0.7.0
203 silly packumentCache full:https://registry.npmjs.org/iconv-lite cache-miss
204 silly fetch manifest qs@^6.14.1
205 silly packumentCache full:https://registry.npmjs.org/qs cache-miss
206 silly fetch manifest raw-body@^3.0.1
207 silly packumentCache full:https://registry.npmjs.org/raw-body cache-miss
208 silly fetch manifest ms@^2.1.3
209 silly packumentCache full:https://registry.npmjs.org/ms cache-miss
210 http cache https://registry.npmjs.org/qs 63ms (cache hit)
211 silly packumentCache full:https://registry.npmjs.org/qs set size:350258 disposed:false
212 silly fetch manifest inherits@~2.0.4
213 silly packumentCache full:https://registry.npmjs.org/inherits cache-miss
214 http cache https://registry.npmjs.org/debug 69ms (cache hit)
215 silly packumentCache full:https://registry.npmjs.org/debug set size:195840 disposed:false
216 silly fetch manifest setprototypeof@~1.2.0
217 silly packumentCache full:https://registry.npmjs.org/setprototypeof cache-miss
218 http fetch GET 200 https://registry.npmjs.org/negotiator 262ms (cache miss)
219 silly packumentCache full:https://registry.npmjs.org/negotiator set size:undefined disposed:false
220 silly fetch manifest statuses@~2.0.2
221 silly packumentCache full:https://registry.npmjs.org/statuses cache-miss
222 http fetch GET 200 https://registry.npmjs.org/iconv-lite 265ms (cache miss)
223 silly packumentCache full:https://registry.npmjs.org/iconv-lite set size:undefined disposed:false
224 silly fetch manifest toidentifier@~1.0.1
225 silly packumentCache full:https://registry.npmjs.org/toidentifier cache-miss
226 http cache https://registry.npmjs.org/statuses 62ms (cache hit)
227 silly packumentCache full:https://registry.npmjs.org/statuses set size:37117 disposed:false
228 silly fetch manifest mime-db@^1.54.0
229 silly packumentCache full:https://registry.npmjs.org/mime-db cache-miss
230 http fetch GET 200 https://registry.npmjs.org/raw-body 331ms (cache miss)
231 silly packumentCache full:https://registry.npmjs.org/raw-body set size:undefined disposed:false
232 silly fetch manifest ee-first@1.1.1
233 silly packumentCache full:https://registry.npmjs.org/ee-first cache-miss
234 http fetch GET 200 https://registry.npmjs.org/inherits 268ms (cache miss)
235 silly packumentCache full:https://registry.npmjs.org/inherits set size:undefined disposed:false
236 silly fetch manifest wrappy@1
237 silly packumentCache full:https://registry.npmjs.org/wrappy cache-miss
238 http fetch GET 200 https://registry.npmjs.org/bytes 341ms (cache miss)
239 silly packumentCache full:https://registry.npmjs.org/bytes set size:undefined disposed:false
240 silly fetch manifest forwarded@0.2.0
241 silly packumentCache full:https://registry.npmjs.org/forwarded cache-miss
242 http fetch GET 200 https://registry.npmjs.org/setprototypeof 274ms (cache miss)
243 silly packumentCache full:https://registry.npmjs.org/setprototypeof set size:undefined disposed:false
244 silly fetch manifest ipaddr.js@1.9.1
245 silly packumentCache full:https://registry.npmjs.org/ipaddr.js cache-miss
246 http fetch GET 200 https://registry.npmjs.org/ms 346ms (cache miss)
247 silly packumentCache full:https://registry.npmjs.org/ms set size:undefined disposed:false
248 silly fetch manifest side-channel@^1.1.0
249 silly packumentCache full:https://registry.npmjs.org/side-channel cache-miss
250 http fetch GET 200 https://registry.npmjs.org/toidentifier 187ms (cache miss)
251 silly packumentCache full:https://registry.npmjs.org/toidentifier set size:undefined disposed:false
252 silly fetch manifest is-promise@^4.0.0
253 silly packumentCache full:https://registry.npmjs.org/is-promise cache-miss
254 http fetch GET 200 https://registry.npmjs.org/mime-db 238ms (cache miss)
255 silly packumentCache full:https://registry.npmjs.org/mime-db set size:undefined disposed:false
256 silly fetch manifest path-to-regexp@^8.0.0
257 silly packumentCache full:https://registry.npmjs.org/path-to-regexp cache-miss
258 http fetch GET 200 https://registry.npmjs.org/ee-first 235ms (cache miss)
259 silly packumentCache full:https://registry.npmjs.org/ee-first set size:undefined disposed:false
260 silly fetch manifest statuses@^2.0.2
261 silly packumentCache full:https://registry.npmjs.org/statuses cache-hit
262 silly fetch manifest media-typer@^1.1.0
263 silly packumentCache full:https://registry.npmjs.org/media-typer cache-miss
264 http fetch GET 200 https://registry.npmjs.org/forwarded 275ms (cache miss)
265 silly packumentCache full:https://registry.npmjs.org/forwarded set size:undefined disposed:false
266 http fetch GET 200 https://registry.npmjs.org/side-channel 274ms (cache miss)
267 silly packumentCache full:https://registry.npmjs.org/side-channel set size:undefined disposed:false
268 http fetch GET 200 https://registry.npmjs.org/wrappy 292ms (cache miss)
269 silly packumentCache full:https://registry.npmjs.org/wrappy set size:undefined disposed:false
270 http fetch GET 200 https://registry.npmjs.org/ipaddr.js 288ms (cache miss)
271 silly packumentCache full:https://registry.npmjs.org/ipaddr.js set size:undefined disposed:false
272 http fetch GET 200 https://registry.npmjs.org/is-promise 251ms (cache miss)
273 silly packumentCache full:https://registry.npmjs.org/is-promise set size:undefined disposed:false
274 http fetch GET 200 https://registry.npmjs.org/path-to-regexp 307ms (cache miss)
275 silly packumentCache full:https://registry.npmjs.org/path-to-regexp set size:undefined disposed:false
276 http fetch GET 200 https://registry.npmjs.org/media-typer 335ms (cache miss)
277 silly packumentCache full:https://registry.npmjs.org/media-typer set size:undefined disposed:false
278 silly placeDep ROOT negotiator@1.0.0 OK for: accepts@2.0.0 want: ^1.0.0
279 silly placeDep ROOT bytes@3.1.2 OK for: body-parser@2.2.2 want: ^3.1.2
280 silly placeDep ROOT iconv-lite@0.7.2 OK for: body-parser@2.2.2 want: ^0.7.0
281 silly placeDep ROOT raw-body@3.0.2 OK for: body-parser@2.2.2 want: ^3.0.1
282 silly fetch manifest safer-buffer@>= 2.1.2 < 3.0.0
283 silly packumentCache full:https://registry.npmjs.org/safer-buffer cache-miss
284 silly fetch manifest unpipe@~1.0.0
285 silly packumentCache full:https://registry.npmjs.org/unpipe cache-miss
286 http fetch GET 200 https://registry.npmjs.org/unpipe 192ms (cache miss)
287 silly packumentCache full:https://registry.npmjs.org/unpipe set size:undefined disposed:false
288 http fetch GET 200 https://registry.npmjs.org/safer-buffer 235ms (cache miss)
289 silly packumentCache full:https://registry.npmjs.org/safer-buffer set size:undefined disposed:false
290 silly placeDep ROOT ms@2.1.3 OK for: debug@4.4.3 want: ^2.1.3
291 silly placeDep ROOT inherits@2.0.4 OK for: http-errors@2.0.1 want: ~2.0.4
292 silly placeDep ROOT setprototypeof@1.2.0 OK for: http-errors@2.0.1 want: ~1.2.0
293 silly placeDep ROOT toidentifier@1.0.1 OK for: http-errors@2.0.1 want: ~1.0.1
294 silly placeDep ROOT safer-buffer@2.1.2 OK for: iconv-lite@0.7.2 want: >= 2.1.2 < 3.0.0
295 silly placeDep ROOT mime-db@1.54.0 OK for: mime-types@3.0.2 want: ^1.54.0
296 silly placeDep ROOT ee-first@1.1.1 OK for: on-finished@2.4.1 want: 1.1.1
297 silly placeDep ROOT wrappy@1.0.2 OK for: once@1.4.0 want: 1
298 silly placeDep ROOT mitt@1.2.0 OK for: paystack-api@2.0.6 want: ^1.1.3
299 silly placeDep ROOT request@2.88.2 OK for: paystack-api@2.0.6 want: ^2.85.0
300 silly placeDep ROOT request-promise@4.2.6 OK for: paystack-api@2.0.6 want: ^4.2.2
301 silly fetch manifest qs@~6.5.2
302 silly packumentCache full:https://registry.npmjs.org/qs cache-hit
303 silly fetch manifest aws4@^1.8.0
304 silly packumentCache full:https://registry.npmjs.org/aws4 cache-miss
305 silly fetch manifest uuid@^3.3.2
306 silly packumentCache full:https://registry.npmjs.org/uuid cache-miss
307 silly fetch manifest extend@~3.0.2
308 silly packumentCache full:https://registry.npmjs.org/extend cache-miss
309 silly fetch manifest caseless@~0.12.0
310 silly packumentCache full:https://registry.npmjs.org/caseless cache-miss
311 silly fetch manifest isstream@~0.1.2
312 silly packumentCache full:https://registry.npmjs.org/isstream cache-miss
313 silly fetch manifest aws-sign2@~0.7.0
314 silly packumentCache full:https://registry.npmjs.org/aws-sign2 cache-miss
315 silly fetch manifest form-data@~2.3.2
316 silly packumentCache full:https://registry.npmjs.org/form-data cache-miss
317 http fetch GET 200 https://registry.npmjs.org/caseless 166ms (cache miss)
318 silly packumentCache full:https://registry.npmjs.org/caseless set size:undefined disposed:false
319 silly fetch manifest mime-types@~2.1.19
320 silly packumentCache full:https://registry.npmjs.org/mime-types cache-miss
321 http cache https://registry.npmjs.org/mime-types 6ms (cache hit)
322 silly packumentCache full:https://registry.npmjs.org/mime-types set size:139110 disposed:false
323 silly fetch manifest oauth-sign@~0.9.0
324 silly packumentCache full:https://registry.npmjs.org/oauth-sign cache-miss
325 http fetch GET 200 https://registry.npmjs.org/extend 185ms (cache miss)
326 silly packumentCache full:https://registry.npmjs.org/extend set size:undefined disposed:false
327 silly fetch manifest safe-buffer@^5.1.2
328 silly packumentCache full:https://registry.npmjs.org/safe-buffer cache-miss
329 http fetch GET 200 https://registry.npmjs.org/aws-sign2 208ms (cache miss)
330 silly packumentCache full:https://registry.npmjs.org/aws-sign2 set size:undefined disposed:false
331 silly fetch manifest tough-cookie@~2.5.0
332 silly packumentCache full:https://registry.npmjs.org/tough-cookie cache-miss
333 http fetch GET 200 https://registry.npmjs.org/isstream 253ms (cache miss)
334 silly packumentCache full:https://registry.npmjs.org/isstream set size:undefined disposed:false
335 silly fetch manifest tunnel-agent@^0.6.0
336 silly packumentCache full:https://registry.npmjs.org/tunnel-agent cache-miss
337 http fetch GET 200 https://registry.npmjs.org/aws4 293ms (cache miss)
338 silly packumentCache full:https://registry.npmjs.org/aws4 set size:undefined disposed:false
339 silly fetch manifest forever-agent@~0.6.1
340 silly packumentCache full:https://registry.npmjs.org/forever-agent cache-miss
341 http fetch GET 200 https://registry.npmjs.org/form-data 318ms (cache miss)
342 silly packumentCache full:https://registry.npmjs.org/form-data set size:undefined disposed:false
343 silly fetch manifest har-validator@~5.1.3
344 silly packumentCache full:https://registry.npmjs.org/har-validator cache-miss
345 http fetch GET 200 https://registry.npmjs.org/uuid 329ms (cache miss)
346 silly packumentCache full:https://registry.npmjs.org/uuid set size:undefined disposed:false
347 silly fetch manifest is-typedarray@~1.0.0
348 silly packumentCache full:https://registry.npmjs.org/is-typedarray cache-miss
349 http fetch GET 200 https://registry.npmjs.org/oauth-sign 238ms (cache miss)
350 silly packumentCache full:https://registry.npmjs.org/oauth-sign set size:undefined disposed:false
351 silly fetch manifest http-signature@~1.2.0
352 silly packumentCache full:https://registry.npmjs.org/http-signature cache-miss
353 http fetch GET 200 https://registry.npmjs.org/safe-buffer 236ms (cache miss)
354 silly packumentCache full:https://registry.npmjs.org/safe-buffer set size:undefined disposed:false
355 silly fetch manifest combined-stream@~1.0.6
356 silly packumentCache full:https://registry.npmjs.org/combined-stream cache-miss
357 http fetch GET 200 https://registry.npmjs.org/tough-cookie 302ms (cache miss)
358 silly packumentCache full:https://registry.npmjs.org/tough-cookie set size:undefined disposed:false
359 silly fetch manifest performance-now@^2.1.0
360 silly packumentCache full:https://registry.npmjs.org/performance-now cache-miss
361 http fetch GET 200 https://registry.npmjs.org/tunnel-agent 264ms (cache miss)
362 silly packumentCache full:https://registry.npmjs.org/tunnel-agent set size:undefined disposed:false
363 silly fetch manifest json-stringify-safe@~5.0.1
364 silly packumentCache full:https://registry.npmjs.org/json-stringify-safe cache-miss
365 http fetch GET 200 https://registry.npmjs.org/forever-agent 237ms (cache miss)
366 silly packumentCache full:https://registry.npmjs.org/forever-agent set size:undefined disposed:false
367 silly fetch manifest bluebird@^3.5.0
368 silly packumentCache full:https://registry.npmjs.org/bluebird cache-miss
369 http fetch GET 200 https://registry.npmjs.org/is-typedarray 226ms (cache miss)
370 silly packumentCache full:https://registry.npmjs.org/is-typedarray set size:undefined disposed:false
371 silly fetch manifest tough-cookie@^2.3.3
372 silly packumentCache full:https://registry.npmjs.org/tough-cookie cache-miss
373 http cache https://registry.npmjs.org/tough-cookie 28ms (cache hit)
374 silly packumentCache full:https://registry.npmjs.org/tough-cookie set size:149007 disposed:false
375 silly fetch manifest stealthy-require@^1.1.1
376 silly packumentCache full:https://registry.npmjs.org/stealthy-require cache-miss
377 http fetch GET 200 https://registry.npmjs.org/har-validator 1102ms (cache miss)
378 silly packumentCache full:https://registry.npmjs.org/har-validator set size:undefined disposed:false
379 silly fetch manifest request-promise-core@1.1.4
380 silly packumentCache full:https://registry.npmjs.org/request-promise-core cache-miss
381 http fetch GET 200 https://registry.npmjs.org/json-stringify-safe 1065ms (cache miss)
382 silly packumentCache full:https://registry.npmjs.org/json-stringify-safe set size:undefined disposed:false
383 http fetch GET 200 https://registry.npmjs.org/http-signature 1168ms (cache miss)
384 silly packumentCache full:https://registry.npmjs.org/http-signature set size:undefined disposed:false
385 http fetch GET 200 https://registry.npmjs.org/stealthy-require 999ms (cache miss)
386 silly packumentCache full:https://registry.npmjs.org/stealthy-require set size:undefined disposed:false
387 http fetch GET 200 https://registry.npmjs.org/performance-now 1096ms (cache miss)
388 silly packumentCache full:https://registry.npmjs.org/performance-now set size:undefined disposed:false
389 http fetch GET 200 https://registry.npmjs.org/combined-stream 1190ms (cache miss)
390 silly packumentCache full:https://registry.npmjs.org/combined-stream set size:undefined disposed:false
391 http fetch GET 200 https://registry.npmjs.org/bluebird 1164ms (cache miss)
392 silly packumentCache full:https://registry.npmjs.org/bluebird set size:undefined disposed:false
393 http fetch GET 200 https://registry.npmjs.org/request-promise-core 263ms (cache miss)
394 silly packumentCache full:https://registry.npmjs.org/request-promise-core set size:undefined disposed:false
395 silly placeDep ROOT forwarded@0.2.0 OK for: proxy-addr@2.0.7 want: 0.2.0
396 silly placeDep ROOT ipaddr.js@1.9.1 OK for: proxy-addr@2.0.7 want: 1.9.1
397 silly placeDep ROOT side-channel@1.1.0 OK for: qs@6.15.0 want: ^1.1.0
398 silly fetch manifest es-errors@^1.3.0
399 silly packumentCache full:https://registry.npmjs.org/es-errors cache-miss
400 silly fetch manifest object-inspect@^1.13.3
401 silly packumentCache full:https://registry.npmjs.org/object-inspect cache-miss
402 silly fetch manifest side-channel-list@^1.0.0
403 silly packumentCache full:https://registry.npmjs.org/side-channel-list cache-miss
404 silly fetch manifest side-channel-map@^1.0.1
405 silly packumentCache full:https://registry.npmjs.org/side-channel-map cache-miss
406 silly fetch manifest side-channel-weakmap@^1.0.2
407 silly packumentCache full:https://registry.npmjs.org/side-channel-weakmap cache-miss
408 http fetch GET 200 https://registry.npmjs.org/es-errors 970ms (cache miss)
409 silly packumentCache full:https://registry.npmjs.org/es-errors set size:undefined disposed:false
410 http fetch GET 200 https://registry.npmjs.org/object-inspect 1093ms (cache miss)
411 silly packumentCache full:https://registry.npmjs.org/object-inspect set size:undefined disposed:false
412 http fetch GET 200 https://registry.npmjs.org/side-channel-map 1293ms (cache miss)
413 silly packumentCache full:https://registry.npmjs.org/side-channel-map set size:undefined disposed:false
414 http fetch GET 200 https://registry.npmjs.org/side-channel-list 1294ms (cache miss)
415 silly packumentCache full:https://registry.npmjs.org/side-channel-list set size:undefined disposed:false
416 http fetch GET 200 https://registry.npmjs.org/side-channel-weakmap 1351ms (cache miss)
417 silly packumentCache full:https://registry.npmjs.org/side-channel-weakmap set size:undefined disposed:false
418 silly placeDep ROOT unpipe@1.0.0 OK for: raw-body@3.0.2 want: ~1.0.0
419 silly placeDep ROOT aws-sign2@0.7.0 OK for: request@2.88.2 want: ~0.7.0
420 silly placeDep ROOT aws4@1.13.2 OK for: request@2.88.2 want: ^1.8.0
421 silly placeDep ROOT caseless@0.12.0 OK for: request@2.88.2 want: ~0.12.0
422 silly placeDep ROOT combined-stream@1.0.8 OK for: request@2.88.2 want: ~1.0.6
423 silly placeDep ROOT extend@3.0.2 OK for: request@2.88.2 want: ~3.0.2
424 silly placeDep ROOT forever-agent@0.6.1 OK for: request@2.88.2 want: ~0.6.1
425 silly placeDep ROOT form-data@2.3.3 OK for: request@2.88.2 want: ~2.3.2
426 silly placeDep ROOT har-validator@5.1.5 OK for: request@2.88.2 want: ~5.1.3
427 silly placeDep ROOT http-signature@1.2.0 OK for: request@2.88.2 want: ~1.2.0
428 silly placeDep ROOT is-typedarray@1.0.0 OK for: request@2.88.2 want: ~1.0.0
429 silly placeDep ROOT isstream@0.1.2 OK for: request@2.88.2 want: ~0.1.2
430 silly placeDep ROOT json-stringify-safe@5.0.1 OK for: request@2.88.2 want: ~5.0.1
431 silly placeDep node_modules/request mime-types@2.1.35 OK for: request@2.88.2 want: ~2.1.19
432 silly placeDep ROOT oauth-sign@0.9.0 OK for: request@2.88.2 want: ~0.9.0
433 silly placeDep ROOT performance-now@2.1.0 OK for: request@2.88.2 want: ^2.1.0
434 silly placeDep node_modules/request qs@6.5.5 OK for: request@2.88.2 want: ~6.5.2
435 silly placeDep ROOT safe-buffer@5.2.1 OK for: request@2.88.2 want: ^5.1.2
436 silly placeDep ROOT tough-cookie@2.5.0 OK for: request@2.88.2 want: ~2.5.0
437 silly placeDep ROOT tunnel-agent@0.6.0 OK for: request@2.88.2 want: ^0.6.0
438 silly placeDep ROOT uuid@3.4.0 OK for: request@2.88.2 want: ^3.3.2
439 silly fetch manifest delayed-stream@~1.0.0
440 silly packumentCache full:https://registry.npmjs.org/delayed-stream cache-miss
441 silly fetch manifest asynckit@^0.4.0
442 silly packumentCache full:https://registry.npmjs.org/asynckit cache-miss
443 silly fetch manifest mime-types@^2.1.12
444 silly packumentCache full:https://registry.npmjs.org/mime-types cache-hit
445 silly fetch manifest ajv@^6.12.3
446 silly packumentCache full:https://registry.npmjs.org/ajv cache-miss
447 silly fetch manifest har-schema@^2.0.0
448 silly packumentCache full:https://registry.npmjs.org/har-schema cache-miss
449 silly fetch manifest sshpk@^1.7.0
450 silly packumentCache full:https://registry.npmjs.org/sshpk cache-miss
451 silly fetch manifest jsprim@^1.2.2
452 silly packumentCache full:https://registry.npmjs.org/jsprim cache-miss
453 silly fetch manifest assert-plus@^1.0.0
454 silly packumentCache full:https://registry.npmjs.org/assert-plus cache-miss
