0 verbose cli C:\Program Files\nodejs\node.exe C:\Program Files\nodejs\node_modules\npm\bin\npm-cli.js
1 info using npm@11.6.2
2 info using node@v24.13.0
3 silly config load:file:C:\Program Files\nodejs\node_modules\npm\npmrc
4 silly config load:file:C:\Users\Khalid Niass\OneDrive\Documents\CODING\Project 1\bag website\.npmrc
5 silly config load:file:C:\Users\Khalid Niass\.npmrc
6 silly config load:file:C:\Users\Khalid Niass\AppData\Roaming\npm\etc\npmrc
7 verbose title npm i express-session bcryptjs
8 verbose argv "i" "express-session" "bcryptjs" "--cache" "C:\\Users\\Khalid Niass\\OneDrive\\Documents\\CODING\\Project 1\\bag website\\.npm-cache"
9 verbose logfile logs-max:10 dir:C:\Users\Khalid Niass\OneDrive\Documents\CODING\Project 1\bag website\.npm-cache\_logs\2026-03-16T16_30_44_593Z-
10 verbose logfile C:\Users\Khalid Niass\OneDrive\Documents\CODING\Project 1\bag website\.npm-cache\_logs\2026-03-16T16_30_44_593Z-debug-0.log
11 silly logfile done cleaning log files
12 silly packumentCache heap:4496293888 maxSize:1124073472 maxEntrySize:562036736
13 silly idealTree buildDeps
14 silly fetch manifest express-session@*
15 silly packumentCache full:https://registry.npmjs.org/express-session cache-miss
16 verbose shrinkwrap failed to load node_modules/.package-lock.json out of date, updated: node_modules
17 http fetch GET 200 https://registry.npmjs.org/express-session 704ms (cache miss)
18 silly packumentCache full:https://registry.npmjs.org/express-session set size:undefined disposed:false
19 silly fetch manifest bcryptjs@*
20 silly packumentCache full:https://registry.npmjs.org/bcryptjs cache-miss
21 http fetch GET 200 https://registry.npmjs.org/bcryptjs 219ms (cache miss)
22 silly packumentCache full:https://registry.npmjs.org/bcryptjs set size:undefined disposed:false
23 silly placeDep ROOT bcryptjs@3.0.3 OK for: bag-website@1.0.0 want: *
24 silly placeDep ROOT express-session@1.19.0 OK for: bag-website@1.0.0 want: *
25 silly fetch manifest cookie-signature@~1.0.7
26 silly packumentCache full:https://registry.npmjs.org/cookie-signature cache-miss
27 silly fetch manifest debug@~2.6.9
28 silly packumentCache full:https://registry.npmjs.org/debug cache-miss
29 silly fetch manifest on-headers@~1.1.0
30 silly packumentCache full:https://registry.npmjs.org/on-headers cache-miss
31 silly fetch manifest uid-safe@~2.1.5
32 silly packumentCache full:https://registry.npmjs.org/uid-safe cache-miss
33 http fetch GET 200 https://registry.npmjs.org/on-headers 551ms (cache miss)
34 silly packumentCache full:https://registry.npmjs.org/on-headers set size:undefined disposed:false
35 http fetch GET 200 https://registry.npmjs.org/cookie-signature 1067ms (cache revalidated)
36 silly packumentCache full:https://registry.npmjs.org/cookie-signature set size:21777 disposed:false
37 http fetch GET 200 https://registry.npmjs.org/debug 1221ms (cache revalidated)
38 silly packumentCache full:https://registry.npmjs.org/debug set size:195840 disposed:false
39 http fetch GET 200 https://registry.npmjs.org/uid-safe 1229ms (cache miss)
40 silly packumentCache full:https://registry.npmjs.org/uid-safe set size:undefined disposed:false
41 silly placeDep node_modules/express-session cookie-signature@1.0.7 OK for: express-session@1.19.0 want: ~1.0.7
42 silly placeDep node_modules/express-session debug@2.6.9 OK for: express-session@1.19.0 want: ~2.6.9
43 silly placeDep ROOT on-headers@1.1.0 OK for: express-session@1.19.0 want: ~1.1.0
44 silly placeDep ROOT uid-safe@2.1.5 OK for: express-session@1.19.0 want: ~2.1.5
45 silly fetch manifest ms@2.0.0
46 silly packumentCache full:https://registry.npmjs.org/ms cache-miss
47 silly fetch manifest random-bytes@~1.0.0
48 silly packumentCache full:https://registry.npmjs.org/random-bytes cache-miss
49 http fetch GET 200 https://registry.npmjs.org/ms 312ms (cache revalidated)
50 silly packumentCache full:https://registry.npmjs.org/ms set size:92208 disposed:false
51 http fetch GET 200 https://registry.npmjs.org/random-bytes 330ms (cache miss)
52 silly packumentCache full:https://registry.npmjs.org/random-bytes set size:undefined disposed:false
53 silly placeDep ROOT random-bytes@1.0.0 OK for: uid-safe@2.1.5 want: ~1.0.0
54 silly placeDep node_modules/express-session ms@2.0.0 OK for: debug@2.6.9 want: 2.0.0
55 silly reify moves {}
56 silly audit bulk request {
56 silly audit   accepts: [ '2.0.0' ],
56 silly audit   ajv: [ '6.14.0' ],
56 silly audit   asn1: [ '0.2.6' ],
56 silly audit   'assert-plus': [ '1.0.0' ],
56 silly audit   asynckit: [ '0.4.0' ],
56 silly audit   'aws-sign2': [ '0.7.0' ],
56 silly audit   aws4: [ '1.13.2' ],
56 silly audit   'bcrypt-pbkdf': [ '1.0.2' ],
56 silly audit   bluebird: [ '3.7.2' ],
56 silly audit   'body-parser': [ '2.2.2' ],
56 silly audit   bytes: [ '3.1.2' ],
56 silly audit   'call-bind-apply-helpers': [ '1.0.2' ],
56 silly audit   'call-bound': [ '1.0.4' ],
56 silly audit   caseless: [ '0.12.0' ],
56 silly audit   'combined-stream': [ '1.0.8' ],
56 silly audit   'content-disposition': [ '1.0.1' ],
56 silly audit   'content-type': [ '1.0.5' ],
56 silly audit   cookie: [ '0.7.2' ],
56 silly audit   'cookie-signature': [ '1.2.2', '1.0.7' ],
56 silly audit   'core-util-is': [ '1.0.2' ],
56 silly audit   cors: [ '2.8.6' ],
56 silly audit   dashdash: [ '1.14.1' ],
56 silly audit   debug: [ '4.4.3', '2.6.9' ],
56 silly audit   'delayed-stream': [ '1.0.0' ],
56 silly audit   depd: [ '2.0.0' ],
56 silly audit   'dunder-proto': [ '1.0.1' ],
56 silly audit   'ecc-jsbn': [ '0.1.2' ],
56 silly audit   'ee-first': [ '1.1.1' ],
56 silly audit   encodeurl: [ '2.0.0' ],
56 silly audit   'es-define-property': [ '1.0.1' ],
56 silly audit   'es-errors': [ '1.3.0' ],
56 silly audit   'es-object-atoms': [ '1.1.1' ],
56 silly audit   'escape-html': [ '1.0.3' ],
56 silly audit   etag: [ '1.8.1' ],
56 silly audit   express: [ '5.2.1' ],
56 silly audit   extend: [ '3.0.2' ],
56 silly audit   extsprintf: [ '1.3.0' ],
56 silly audit   'fast-deep-equal': [ '3.1.3' ],
56 silly audit   'fast-json-stable-stringify': [ '2.1.0' ],
56 silly audit   finalhandler: [ '2.1.1' ],
56 silly audit   'forever-agent': [ '0.6.1' ],
56 silly audit   'form-data': [ '2.3.3' ],
56 silly audit   'mime-db': [ '1.52.0', '1.54.0' ],
56 silly audit   'mime-types': [ '2.1.35', '3.0.2' ],
56 silly audit   forwarded: [ '0.2.0' ],
56 silly audit   fresh: [ '2.0.0' ],
56 silly audit   'function-bind': [ '1.1.2' ],
56 silly audit   'get-intrinsic': [ '1.3.0' ],
56 silly audit   'get-proto': [ '1.0.1' ],
56 silly audit   getpass: [ '0.1.7' ],
56 silly audit   gopd: [ '1.2.0' ],
56 silly audit   'har-schema': [ '2.0.0' ],
56 silly audit   'har-validator': [ '5.1.5' ],
56 silly audit   'has-symbols': [ '1.1.0' ],
56 silly audit   hasown: [ '2.0.2' ],
56 silly audit   'http-errors': [ '2.0.1' ],
56 silly audit   'http-signature': [ '1.2.0' ],
56 silly audit   'iconv-lite': [ '0.7.2' ],
56 silly audit   inherits: [ '2.0.4' ],
56 silly audit   'ipaddr.js': [ '1.9.1' ],
56 silly audit   'is-promise': [ '4.0.0' ],
56 silly audit   'is-typedarray': [ '1.0.0' ],
56 silly audit   isstream: [ '0.1.2' ],
56 silly audit   jsbn: [ '0.1.1' ],
56 silly audit   'json-schema': [ '0.4.0' ],
56 silly audit   'json-schema-traverse': [ '0.4.1' ],
56 silly audit   'json-stringify-safe': [ '5.0.1' ],
56 silly audit   jsprim: [ '1.4.2' ],
56 silly audit   lodash: [ '4.17.23' ],
56 silly audit   'math-intrinsics': [ '1.1.0' ],
56 silly audit   'media-typer': [ '1.1.0' ],
56 silly audit   'merge-descriptors': [ '2.0.0' ],
56 silly audit   mitt: [ '1.2.0' ],
56 silly audit   ms: [ '2.1.3', '2.0.0' ],
56 silly audit   negotiator: [ '1.0.0' ],
56 silly audit   nodemailer: [ '8.0.2' ],
56 silly audit   'oauth-sign': [ '0.9.0' ],
56 silly audit   'object-assign': [ '4.1.1' ],
56 silly audit   'object-inspect': [ '1.13.4' ],
56 silly audit   'on-finished': [ '2.4.1' ],
56 silly audit   once: [ '1.4.0' ],
56 silly audit   parseurl: [ '1.3.3' ],
56 silly audit   'path-to-regexp': [ '8.3.0' ],
56 silly audit   'paystack-api': [ '2.0.6' ],
56 silly audit   'performance-now': [ '2.1.0' ],
56 silly audit   'proxy-addr': [ '2.0.7' ],
56 silly audit   psl: [ '1.15.0' ],
56 silly audit   punycode: [ '2.3.1' ],
56 silly audit   qs: [ '6.15.0', '6.5.5' ],
56 silly audit   'range-parser': [ '1.2.1' ],
56 silly audit   'raw-body': [ '3.0.2' ],
56 silly audit   request: [ '2.88.2' ],
56 silly audit   'request-promise': [ '4.2.6' ],
56 silly audit   'request-promise-core': [ '1.1.4' ],
56 silly audit   router: [ '2.2.0' ],
56 silly audit   'safe-buffer': [ '5.2.1' ],
56 silly audit   'safer-buffer': [ '2.1.2' ],
56 silly audit   send: [ '1.2.1' ],
56 silly audit   'serve-static': [ '2.2.1' ],
56 silly audit   setprototypeof: [ '1.2.0' ],
56 silly audit   'side-channel': [ '1.1.0' ],
56 silly audit   'side-channel-list': [ '1.0.0' ],
56 silly audit   'side-channel-map': [ '1.0.1' ],
56 silly audit   'side-channel-weakmap': [ '1.0.2' ],
56 silly audit   sshpk: [ '1.18.0' ],
56 silly audit   statuses: [ '2.0.2' ],
56 silly audit   'stealthy-require': [ '1.1.1' ],
56 silly audit   toidentifier: [ '1.0.1' ],
56 silly audit   'tough-cookie': [ '2.5.0' ],
56 silly audit   'tunnel-agent': [ '0.6.0' ],
56 silly audit   tweetnacl: [ '0.14.5' ],
56 silly audit   'type-is': [ '2.0.1' ],
56 silly audit   unpipe: [ '1.0.0' ],
56 silly audit   'uri-js': [ '4.4.1' ],
56 silly audit   uuid: [ '3.4.0' ],
56 silly audit   vary: [ '1.1.2' ],
56 silly audit   verror: [ '1.10.0' ],
56 silly audit   wrappy: [ '1.0.2' ],
56 silly audit   bcryptjs: [ '3.0.3' ],
56 silly audit   'express-session': [ '1.19.0' ],
56 silly audit   'on-headers': [ '1.1.0' ],
56 silly audit   'uid-safe': [ '2.1.5' ],
56 silly audit   'random-bytes': [ '1.0.0' ]
56 silly audit }
57 http cache random-bytes@https://registry.npmjs.org/random-bytes/-/random-bytes-1.0.0.tgz 0ms (cache hit)
58 http cache uid-safe@https://registry.npmjs.org/uid-safe/-/uid-safe-2.1.5.tgz 0ms (cache hit)
59 http cache on-headers@https://registry.npmjs.org/on-headers/-/on-headers-1.1.0.tgz 0ms (cache hit)
60 http cache express-session@https://registry.npmjs.org/express-session/-/express-session-1.19.0.tgz 0ms (cache hit)
61 http cache bcryptjs@https://registry.npmjs.org/bcryptjs/-/bcryptjs-3.0.3.tgz 0ms (cache hit)
62 http cache debug@https://registry.npmjs.org/debug/-/debug-2.6.9.tgz 0ms (cache hit)
63 http cache ms@https://registry.npmjs.org/ms/-/ms-2.0.0.tgz 0ms (cache hit)
64 http cache cookie-signature@https://registry.npmjs.org/cookie-signature/-/cookie-signature-1.0.7.tgz 0ms (cache hit)
65 silly tarball no local data for random-bytes@https://registry.npmjs.org/random-bytes/-/random-bytes-1.0.0.tgz. Extracting by manifest.
66 silly tarball no local data for uid-safe@https://registry.npmjs.org/uid-safe/-/uid-safe-2.1.5.tgz. Extracting by manifest.
67 silly tarball no local data for on-headers@https://registry.npmjs.org/on-headers/-/on-headers-1.1.0.tgz. Extracting by manifest.
68 silly tarball no local data for express-session@https://registry.npmjs.org/express-session/-/express-session-1.19.0.tgz. Extracting by manifest.
69 silly tarball no local data for bcryptjs@https://registry.npmjs.org/bcryptjs/-/bcryptjs-3.0.3.tgz. Extracting by manifest.
70 silly tarball no local data for debug@https://registry.npmjs.org/debug/-/debug-2.6.9.tgz. Extracting by manifest.
71 silly tarball no local data for ms@https://registry.npmjs.org/ms/-/ms-2.0.0.tgz. Extracting by manifest.
72 silly tarball no local data for cookie-signature@https://registry.npmjs.org/cookie-signature/-/cookie-signature-1.0.7.tgz. Extracting by manifest.
73 http fetch POST 200 https://registry.npmjs.org/-/npm/v1/security/advisories/bulk 334ms
74 silly audit report {
74 silly audit report   'form-data': [
74 silly audit report     {
74 silly audit report       id: 1109540,
74 silly audit report       url: 'https://github.com/advisories/GHSA-fjxv-7rqg-78g4',
74 silly audit report       title: 'form-data uses unsafe random function in form-data for choosing boundary',
74 silly audit report       severity: 'critical',
74 silly audit report       vulnerable_versions: '<2.5.4',
74 silly audit report       cwe: [Array],
74 silly audit report       cvss: [Object]
74 silly audit report     }
74 silly audit report   ],
74 silly audit report   qs: [
74 silly audit report     {
74 silly audit report       id: 1113719,
74 silly audit report       url: 'https://github.com/advisories/GHSA-6rw7-vpxm-498p',
74 silly audit report       title: "qs's arrayLimit bypass in its bracket notation allows DoS via memory exhaustion",
74 silly audit report       severity: 'moderate',
74 silly audit report       vulnerable_versions: '<6.14.1',
74 silly audit report       cwe: [Array],
74 silly audit report       cvss: [Object]
74 silly audit report     }
74 silly audit report   ],
74 silly audit report   request: [
74 silly audit report     {
74 silly audit report       id: 1096727,
74 silly audit report       url: 'https://github.com/advisories/GHSA-p8p7-x288-28g6',
74 silly audit report       title: 'Server-Side Request Forgery in Request',
74 silly audit report       severity: 'moderate',
74 silly audit report       vulnerable_versions: '<=2.88.2',
74 silly audit report       cwe: [Array],
74 silly audit report       cvss: [Object]
74 silly audit report     }
74 silly audit report   ],
74 silly audit report   'tough-cookie': [
74 silly audit report     {
74 silly audit report       id: 1097682,
74 silly audit report       url: 'https://github.com/advisories/GHSA-72xf-g2v4-qvf3',
74 silly audit report       title: 'tough-cookie Prototype Pollution vulnerability',
74 silly audit report       severity: 'moderate',
74 silly audit report       vulnerable_versions: '<4.1.3',
74 silly audit report       cwe: [Array],
74 silly audit report       cvss: [Object]
74 silly audit report     }
74 silly audit report   ]
74 silly audit report }
75 silly packumentCache corgi:https://registry.npmjs.org/form-data cache-miss
76 silly packumentCache corgi:https://registry.npmjs.org/qs cache-miss
77 silly packumentCache corgi:https://registry.npmjs.org/request cache-miss
78 silly packumentCache corgi:https://registry.npmjs.org/tough-cookie cache-miss
79 http fetch GET 200 https://registry.npmjs.org/uid-safe/-/uid-safe-2.1.5.tgz 331ms (cache miss)
80 http fetch GET 200 https://registry.npmjs.org/random-bytes/-/random-bytes-1.0.0.tgz 338ms (cache miss)
81 http fetch GET 200 https://registry.npmjs.org/on-headers/-/on-headers-1.1.0.tgz 337ms (cache miss)
82 http fetch GET 200 https://registry.npmjs.org/form-data 180ms (cache revalidated)
83 silly packumentCache corgi:https://registry.npmjs.org/form-data set size:51426 disposed:false
84 http fetch GET 200 https://registry.npmjs.org/qs 211ms (cache revalidated)
85 silly packumentCache corgi:https://registry.npmjs.org/qs set size:143799 disposed:false
86 http fetch GET 200 https://registry.npmjs.org/tough-cookie 215ms (cache revalidated)
87 silly packumentCache corgi:https://registry.npmjs.org/tough-cookie set size:56308 disposed:false
88 http fetch GET 200 https://registry.npmjs.org/request 217ms (cache revalidated)
89 silly packumentCache corgi:https://registry.npmjs.org/request set size:129997 disposed:false
90 silly packumentCache corgi:https://registry.npmjs.org/paystack-api cache-miss
91 silly packumentCache corgi:https://registry.npmjs.org/request-promise cache-miss
92 silly packumentCache corgi:https://registry.npmjs.org/request-promise-core cache-miss
93 http fetch GET 200 https://registry.npmjs.org/request-promise-core 525ms (cache revalidated)
94 silly packumentCache corgi:https://registry.npmjs.org/request-promise-core set size:6997 disposed:false
95 http fetch GET 200 https://registry.npmjs.org/request-promise 527ms (cache revalidated)
96 silly packumentCache corgi:https://registry.npmjs.org/request-promise set size:45088 disposed:false
97 http fetch GET 200 https://registry.npmjs.org/cookie-signature/-/cookie-signature-1.0.7.tgz 1083ms (cache miss)
98 http fetch GET 200 https://registry.npmjs.org/ms/-/ms-2.0.0.tgz 1191ms (cache miss)
99 http fetch GET 200 https://registry.npmjs.org/paystack-api 648ms (cache revalidated)
100 silly packumentCache corgi:https://registry.npmjs.org/paystack-api set size:16657 disposed:false
101 http fetch GET 200 https://registry.npmjs.org/express-session/-/express-session-1.19.0.tgz 1196ms (cache miss)
102 http fetch GET 200 https://registry.npmjs.org/debug/-/debug-2.6.9.tgz 1216ms (cache miss)
103 http fetch GET 200 https://registry.npmjs.org/bcryptjs/-/bcryptjs-3.0.3.tgz 1221ms (cache miss)
104 silly ADD node_modules/random-bytes
105 silly ADD node_modules/uid-safe
106 silly ADD node_modules/on-headers
107 silly ADD node_modules/express-session
108 silly ADD node_modules/express-session/node_modules/ms
109 silly ADD node_modules/express-session/node_modules/debug
110 silly ADD node_modules/express-session/node_modules/cookie-signature
111 silly ADD node_modules/bcryptjs
112 verbose cwd C:\Users\Khalid Niass\OneDrive\Documents\CODING\Project 1\bag website
113 verbose os Windows_NT 10.0.19045
114 verbose node v24.13.0
115 verbose npm  v11.6.2
116 verbose exit 0
117 info ok
